Log started at 03/18/2025 15:18:10 (2025-03-18T14:18:10Z)
No config file at C:\Users\kalde\Documents\Unreal Engine\UnrealBuildTool\BuildConfiguration.xml
Configuration will be read from:
  C:\Users\kalde\AppData\Roaming\Unreal Engine\UnrealBuildTool\BuildConfiguration.xml
Log file: D:\OneDrive - La Horde\B2\Quetes\Q7_Portal\Q7_Portal\Q7_Poral\Saved\Logs\UnrealVersionSelector-2025.03.18-15.18.09.log

Setting temp directory to 'C:\Users\kalde\AppData\Local\Temp\UnrealBuildTool\fae6bc3f'
    Registering build platform: UnrealBuildTool.AndroidPlatformFactory
    Registering build platform: UnrealBuildTool.IOSPlatformFactory
    Registering build platform: UnrealBuildTool.LinuxPlatformFactory
    Registering build platform: UnrealBuildTool.MacPlatformFactory
    Registering build platform: UnrealBuildTool.TVOSPlatformFactory
    Registering build platform: UnrealBuildTool.WindowsPlatformFactory
Found Windows 10 SDK root at C:\Program Files (x86)\Windows Kits\10 (1)
Found Windows 10 SDK root at C:\Program Files (x86)\Windows Kits\10 (2)
Found Windows 10 SDK version 10.0.22621.0 at C:\Program Files (x86)\Windows Kits\10
Found Universal CRT version 10.0.22621.0 at C:\Program Files (x86)\Windows Kits\10
Win64 Installed SDK(s): MinVersion_Sdk=10.0.00000.0, MaxVersion_Sdk=10.9.99999.0, CurrentVersion_Sdk=10.0.22621.0, Version_AutoSdk=10.0.18362.0, CurrentVersion_AutoSdk=
        Registering build platform: Win64 - buildable: True
Log file: C:\Users\kalde\AppData\Local\UnrealBuildTool\Log_GPF.txt
Deleting old log file: C:\Users\kalde\AppData\Local\UnrealBuildTool\Log_GPF-backup-2025.01.14-10.18.50.txt
Resolved project argument D:/OneDrive - La Horde/B2/Quetes/Q7_Portal/Q7_Portal/Q7_Poral/Q7_Poral.uproject to D:\OneDrive - La Horde\B2\Quetes\Q7_Portal\Q7_Portal\Q7_Poral\Q7_Poral.uproject
Registering project generator UnrealBuildTool.AndroidProjectGenerator for Android
Skipping project file generator registration for Android due to no valid BuildPlatform.
Registering project generator UnrealBuildTool.IOSProjectGenerator for IOS
Skipping project file generator registration for IOS due to no valid BuildPlatform.
Registering project generator UnrealBuildTool.LinuxProjectGenerator for Linux
Skipping project file generator registration for Linux due to no valid BuildPlatform.
Registering project generator UnrealBuildTool.LinuxProjectGenerator for LinuxArm64
Skipping project file generator registration for LinuxArm64 due to no valid BuildPlatform.
Registering project generator UnrealBuildTool.MacProjectGenerator for Mac
Skipping project file generator registration for Mac due to no valid BuildPlatform.
Registering project generator UnrealBuildTool.TVOSProjectGenerator for TVOS
Skipping project file generator registration for TVOS due to no valid BuildPlatform.
Registering project generator UnrealBuildTool.WindowsProjectGenerator for Win64

---   SDK INFO START   ---
---   SDK INFO END   ---


Generating VisualStudio project files:
Discovering modules, targets and source code for project...
Found Visual Studio installation: C:\Program Files\Microsoft Visual Studio\2022\Community (Product=Microsoft.VisualStudio.Product.Community, Version=17.11.35312.102)
Found Visual Studio toolchain: C:\Program Files\Microsoft Visual Studio\2022\Community\VC\Tools\MSVC\14.41.34120 (Family=14.41.34120, FamilyRank=4, Version=14.41.34120, Is64Bit=True, ReleaseChannel=Latest, Architecture=x64, Error=False, Redist=C:\Program Files\Microsoft Visual Studio\2022\Community\VC\Redist\MSVC\14.40.33807)
Found Visual Studio toolchain: C:\Program Files\Microsoft Visual Studio\2022\Community\VC\Tools\MSVC\14.41.34120 (Family=14.41.34120, FamilyRank=4, Version=14.41.34120, Is64Bit=True, ReleaseChannel=Latest, Architecture=arm64, Error=False, Redist=C:\Program Files\Microsoft Visual Studio\2022\Community\VC\Redist\MSVC\14.40.33807)
Found Visual Studio toolchain: C:\Program Files\Microsoft Visual Studio\2022\Community\VC\Tools\MSVC\14.41.34120 (Family=14.41.34120, FamilyRank=4, Version=14.41.34120, Is64Bit=True, ReleaseChannel=Latest, Architecture=arm64ec, Error=False, Redist=C:\Program Files\Microsoft Visual Studio\2022\Community\VC\Redist\MSVC\14.40.33807)
Detected supported platforms: Win64
Skipping D:\Unreal\UE_5.3\Engine\Intermediate\Build\BuildRules\UE5Rules.dll: File is installed
Skipping D:\Unreal\UE_5.3\Engine\Intermediate\Build\BuildRules\UE5ProgramRules.dll: File is installed
Compiling D:\OneDrive - La Horde\B2\Quetes\Q7_Portal\Q7_Portal\Q7_Poral\Intermediate\Build\BuildRules\Q7_PoralModuleRules.dll: Engine Version changed from 5.5.1 to 5.3.2
Adding event matcher: CompileEventMatcher
Adding event matcher: LinkEventMatcher
Adding event matcher: MicrosoftEventMatcher
Adding event matcher: XoreaxEventMatcher
D:\OneDrive - La Horde\B2\Quetes\Q7_Portal\Q7_Portal\Q7_Poral\Source\Q7_PoralEditor.Target.cs(11,47): error CS0117: 'BuildSettingsVersion' does not contain a definition for 'V5'
D:\OneDrive - La Horde\B2\Quetes\Q7_Portal\Q7_Portal\Q7_Poral\Source\Q7_PoralEditor.Target.cs(12,51): error CS0117: 'EngineIncludeOrderVersion' does not contain a definition for 'Unreal5_5'
D:\OneDrive - La Horde\B2\Quetes\Q7_Portal\Q7_Portal\Q7_Poral\Source\Q7_Poral.Target.cs(11,47): error CS0117: 'BuildSettingsVersion' does not contain a definition for 'V5'
D:\OneDrive - La Horde\B2\Quetes\Q7_Portal\Q7_Portal\Q7_Poral\Source\Q7_Poral.Target.cs(12,51): error CS0117: 'EngineIncludeOrderVersion' does not contain a definition for 'Unreal5_5'
Expecting to find a type to be declared in a target rules named 'Q7_PoralTarget'.  This type must derive from the 'TargetRules' type defined by Unreal Build Tool.
BuildException: Expecting to find a type to be declared in a target rules named 'Q7_PoralTarget'.  This type must derive from the 'TargetRules' type defined by Unreal Build Tool.
   at UnrealBuildTool.RulesAssembly.CreateTargetRules(String TargetName, UnrealTargetPlatform Platform, UnrealTargetConfiguration Configuration, UnrealArchitectures Architectures, FileReference ProjectFile, CommandLineArguments Arguments, ILogger Logger, Boolean IsTestTarget, Boolean bSkipValidation, UnrealIntermediateEnvironment IntermediateEnvironment) in D:\build\++UE5\Sync\Engine\Saved\CsTools\Engine\Source\Programs\UnrealBuildTool\System\RulesAssembly.cs:line 780
   at UnrealBuildTool.ProjectFileGenerator.AddProjectsForAllTargets(PlatformProjectGeneratorCollection PlatformProjectGenerators, List`1 AllGames, List`1 AllTargetFiles, String[] Arguments, List`1 EngineProjects, List`1 GameProjects, Dictionary`2 ProjectFileToUProjectFile, Dictionary`2 ProgramProjects, Dictionary`2 RulesAssemblies, ILogger Logger) in D:\build\++UE5\Sync\Engine\Saved\CsTools\Engine\Source\Programs\UnrealBuildTool\ProjectFiles\ProjectFileGenerator.cs:line 2719
   at UnrealBuildTool.ProjectFileGenerator.GenerateProjectFiles(PlatformProjectGeneratorCollection PlatformProjectGenerators, String[] Arguments, Boolean bCacheDataForEditor, ILogger Logger) in D:\build\++UE5\Sync\Engine\Saved\CsTools\Engine\Source\Programs\UnrealBuildTool\ProjectFiles\ProjectFileGenerator.cs:line 1023
   at UnrealBuildTool.GenerateProjectFilesMode.ExecuteAsync(CommandLineArguments Arguments, ILogger Logger) in D:\build\++UE5\Sync\Engine\Saved\CsTools\Engine\Source\Programs\UnrealBuildTool\Modes\GenerateProjectFilesMode.cs:line 65
   at UnrealBuildTool.UnrealBuildTool.Main(String[] ArgumentsArray) in D:\build\++UE5\Sync\Engine\Saved\CsTools\Engine\Source\Programs\UnrealBuildTool\UnrealBuildTool.cs:line 659
WriteFileIfChanged() wrote 2 changed files of 2 requested writes.
Timeline:

[ 0.000]
[ 0.000](+3.547) <unknown>
[ 3.547]
